// Jest Snapshot v1, https://goo.gl/fbAQLP

exports[`should return home 1`] = `
Object {
  "code": 200,
  "content": "Please try /@:username/posts?limit=100",
  "res": undefined,
}
`;
