// Jest Snapshot v1, https://goo.gl/fbAQLP

exports[`should return TimestampType 1`] = `"Timestamp"`;
